// Jest Snapshot v1, https://goo.gl/fbAQLP

exports[`Modal renders a Modal 1`] = `
<body>
  <div>
    <button
      class="button primary btn btn-primary modal-primary-btn"
      data-testid="modal-trigger"
      type="button"
    >
      Launch dangerous action modal
    </button>
  </div>
</body>
`;
