// Jest Snapshot v1, https://goo.gl/fbAQLP

exports[`login page renders a login page 1`] = `
<DocumentFragment>
  <main
    class="main"
  >
    <img
      alt="Inrupt logo"
      class="logo"
      height="60"
      src="/inrupt_logo-2020.svg"
      width="200"
    />
    <h1>
      Authorization Management Component
    </h1>
    <p>
      View and manage data in your Pod
    </p>
    <section
      class="container"
    >
      <h2>
        Connect with
      </h2>
      <img
        alt="Inrupt PodSpaces logo"
        class=""
        height="80"
        src="/pod-spaces-logo.svg"
        width="160"
      />
      <form>
        <button
          class="button primary null"
          data-testid="connect-to-pod"
          type="button"
        >
          Connect to Pod
        </button>
      </form>
      <button
        class="button outline advanced-toggle"
        data-testid="advanced-login"
        type="button"
      >
        Advanced
        <i
          class="bi bi-caret-down-fill"
          title="Collapse"
        />
      </button>
    </section>
    <section
      class="sign-up"
    >
       Need a Pod? 
      <a
        href="https://start.inrupt.com/"
        rel="noopener noreferrer"
        target="_blank"
      >
        Sign up
      </a>
    </section>
  </main>
</DocumentFragment>
`;
