// Jest Snapshot v1, https://goo.gl/fbAQLP

exports[`Button renders a button 1`] = `
<DocumentFragment>
  <div
    class="toggle-border"
  >
    <label
      class="toggle"
    >
      <input
        type="checkbox"
      />
      <div
        class="toggle-control"
      />
    </label>
  </div>
</DocumentFragment>
`;
